
Allocating common symbols
Common symbol       size              file

p                   0x4               lib/sc.o
tos                 0x4               lib/sc.o
n_sets              0x4               lib/sc.o
x                   0x4               lib/sort.o
visit_nos           0x4               lib/sc.o
n_visited           0x4               lib/sc.o
low_link_nos        0x4               lib/sc.o
current_graph       0x4               lib/dfs_bfs.o
sets_f              0x4               lib/sc.o
n_written           0x4               lib/sc.o
compare_fn          0x4               lib/sort.o
n_unvisited         0x4               lib/sc.o
temp_merge_array    0x4               lib/sort.o
dfs_result          0x4               lib/dfs_bfs.o
unvisited           0x4               lib/sc.o
sc_stack            0x4               lib/sc.o
sets_s              0x4               lib/sc.o
vertices            0x4               lib/sc.o
sp                  0x4               lib/sc.o
sc_vertices         0x4               lib/sc.o
element_size        0x4               lib/sort.o

Memory Configuration

Name             Origin             Length             Attributes
*default*        0x0000000000000000 0xffffffffffffffff

Linker script and memory map

LOAD main/aamain.o
LOAD main/debug.o
LOAD main/exec.o
LOAD main/syscall.o
LOAD hardware/8259.o
LOAD hardware/delay.o
LOAD hardware/dma.o
LOAD hardware/floppy.o
LOAD hardware/irq.o
LOAD hardware/key_traslation.o
LOAD hardware/pit.o
LOAD hardware/rtc.o
LOAD hardware/serial.o
LOAD hardware/speaker.o
LOAD hardware/tastiera.o
LOAD hardware/video.o
LOAD cpu/cpu_oper.o
LOAD cpu/gdt.o
LOAD cpu/idt.o
LOAD cpu/paging.o
LOAD mm/desc_mem.o
LOAD mm/fis_mmu.o
LOAD mm/kmmu.o
LOAD mm/mem.o
LOAD mm/mmu.o
LOAD mm/pagine_libere.o
LOAD mm/pagine_virtuali.o
LOAD task/hardware_task.o
LOAD task/messaggi.o
LOAD task/politic.o
LOAD task/sem.o
LOAD task/task.o
LOAD dispositivi/hmu.o
LOAD fs/fat.o
LOAD fpu_emu/fpu_emu.o
LOAD fpu_emu/fpu_emu_comp.o
LOAD fpu_emu/fpu_emu_control.o
LOAD fpu_emu/fpu_emu_data.o
LOAD fpu_emu/fpu_emu_demo.o
LOAD fpu_emu/fpu_emu_exception.o
LOAD fpu_emu/fpu_emu_exp.o
LOAD fpu_emu/fpu_emu_math.o
LOAD fpu_emu/fpu_emu_mov.o
LOAD fpu_emu/fpu_emu_reg.o
LOAD fpu_emu/fpu_emu_trig.o
LOAD fpu_emu/my_double.o
LOAD libc/ctype.o
LOAD libc/math.o
LOAD libc/sprintf.o
LOAD libc/sscanf.o
LOAD libc/stdio.o
LOAD libc/stdlib.o
LOAD libc/string.o
LOAD libc/time.o
LOAD libc/vsprintf.o
LOAD libc/vsscanf.o
LOAD lib/avl.o
LOAD lib/bheap.o
LOAD lib/bst.o
LOAD lib/dfs_bfs.o
LOAD lib/hashtbl.o
LOAD lib/mst.o
LOAD lib/rand.o
LOAD lib/rbtree.o
LOAD lib/sc.o
LOAD lib/search.o
LOAD lib/sort.o
LOAD lib/tree23.o
LOAD libc/log.o
LOAD libc/modf.o
                0x0000000000010000                . = 0x10000

.text           0x0000000000010000    0x1643d
 *(.text .stub .text.* .gnu.linkonce.t.*)
 .text          0x0000000000010000      0x243 main/aamain.o
                0x000000000001005c                dummy()
                0x0000000000010000                _start
                0x000000000001008c                main
                0x0000000000010028                process1()
                0x000000000001021c                __do_global_ctors()
                0x000000000001005e                get_ser_bios_mem()
                0x0000000000010010                process0()
 *fill*         0x0000000000010243        0x1 00
 .gnu.linkonce.t._Z8time_irqv
                0x0000000000010244        0xc main/aamain.o
                0x0000000000010244                time_irq()
 .text          0x0000000000010250      0x1cb main/debug.o
                0x000000000001033c                Debug::operator<<(char)
                0x000000000001027a                Debug::register_trace(unsigned short)
                0x000000000001037a                Debug::Debug()
                0x0000000000010250                Debug::istruction_trace(unsigned short)
                0x0000000000010322                Debug::operator<<(char const*)
                0x000000000001039c                Debug::put(char const*)
                0x00000000000102be                Debug::stop()
                0x00000000000103ce                Debug::put(char)
                0x00000000000102f6                Debug::operator<<(unsigned int)
                0x00000000000102cc                Debug::operator<<(int)
                0x0000000000010358                Debug::Debug()
 *fill*         0x000000000001041b        0x1 00
 .text          0x000000000001041c      0x5ec main/exec.o
                0x00000000000104aa                (anonymous namespace)::info_sezione(void*, unsigned int)
                0x00000000000106c6                (anonymous namespace)::stampa_oggetto((anonymous namespace)::oggetto)
                0x0000000000010660                (anonymous namespace)::stampa_simbolo(unsigned int, void*)
                0x0000000000010806                (anonymous namespace)::riloca((anonymous namespace)::oggetto)
                0x00000000000109be                exec(char*, char*)
                0x00000000000104be                (anonymous namespace)::indirizzo_simbolo(unsigned int, void*)
                0x0000000000010614                (anonymous namespace)::nome_simbolo(unsigned int, void*, char*)
                0x0000000000010564                (anonymous namespace)::elenco_rel(void*, unsigned int*)
                0x0000000000010494                (anonymous namespace)::indirizzo_sezione(void*, unsigned int)
                0x000000000001041c                (anonymous namespace)::cerca_sezione(char*, void*)
                0x0000000000010830                (anonymous namespace)::parser(char*)
                0x00000000000105ee                (anonymous namespace)::valore_simbolo(unsigned int, void*)
                0x00000000000107da                (anonymous namespace)::numero_oggetti_rilocabili(unsigned int, void*)
                0x0000000000010528                (anonymous namespace)::nome_sezione(void*, unsigned int, char*)
                0x00000000000106f6                (anonymous namespace)::cerca_simbolo_rilocabile(unsigned int, unsigned int, void*)
 .text          0x0000000000010a08      0x2de main/syscall.o
                0x0000000000010aac                very_syscall_handler
                0x0000000000010ca4                init_syscall()
                0x0000000000010c96                internal_syscall_handler
                0x0000000000010a08                null_syscall
 *fill*         0x0000000000010ce6        0x2 00
 .text          0x0000000000010ce8      0x164 hardware/8259.o
                0x0000000000010de0                get_cur_irq()
                0x0000000000010d36                enable_irq(unsigned short)
                0x0000000000010d86                disable_irq(unsigned short)
                0x0000000000010ce8                init8259()
 .text          0x0000000000010e4c      0x1e2 hardware/delay.o
                0x0000000000010e76                delayCalibInt()
                0x0000000000010eac                calibrateDelayLoop()
                0x0000000000010e60                delay
                0x0000000000010e4c                __delay(unsigned int)
 *fill*         0x000000000001102e        0x2 00
 .text          0x0000000000011030       0xe0 hardware/dma.o
                0x0000000000011080                _dma_xfer(unsigned char, unsigned char, unsigned int, unsigned int, unsigned char)
                0x0000000000011030                dma_xfer(unsigned char, unsigned long, unsigned int, unsigned char)
 .text          0x0000000000011110      0x7eb hardware/floppy.o
                0x00000000000113bc                (anonymous namespace)::classifica_rtc_floppy(unsigned char)
                0x00000000000118dc                write_block(int, unsigned char*, unsigned long)
                0x000000000001135a                (anonymous namespace)::block2hts(int, int*, int*, int*)
                0x00000000000112a8                (anonymous namespace)::seek(int)
                0x000000000001126a                (anonymous namespace)::motoroff()
                0x0000000000011110                (anonymous namespace)::fdc_handler()
                0x00000000000114ec                (anonymous namespace)::fdc_rw(int, unsigned char*, bool, unsigned int)
                0x00000000000111c4                (anonymous namespace)::waitfdc(bool)
                0x0000000000011744                init_floppy()
                0x000000000001147c                (anonymous namespace)::leggi_versione()
                0x000000000001180c                read_block(int, unsigned char*, unsigned int)
                0x00000000000118d2                de_init_floppy()
                0x0000000000011284                (anonymous namespace)::recalibrate()
                0x0000000000011118                (anonymous namespace)::sendbyte(int)
                0x000000000001130c                (anonymous namespace)::reset()
                0x0000000000011170                (anonymous namespace)::getbyte()
                0x0000000000011250                (anonymous namespace)::motoron()
 *fill*         0x00000000000118fb        0x1 00
 .text          0x00000000000118fc      0x103 hardware/irq.o
                0x0000000000011914                free_irq
                0x0000000000011912                null_handler
                0x000000000001192e                do_irq
                0x00000000000119a2                init_irq
                0x000000000001197b                internal_handler
                0x0000000000011952                _do_irq
                0x00000000000118fc                my_print
                0x000000000001198c                add_irq
 *fill*         0x00000000000119ff        0x1 00
 .text          0x0000000000011a00     0x2ca5 hardware/key_traslation.o
                0x0000000000014552                sys_getchar()
                0x0000000000014572                sys_gets(char*)
                0x000000000001426e                scan2ascii(int)
                0x0000000000011a00                init_map()
 *fill*         0x00000000000146a5        0x3 00
 .text          0x00000000000146a8      0x146 hardware/pit.o
                0x00000000000147d2                pit_count::set_frequenza(unsigned int)
                0x000000000001477e                pit_count::set_access_mode(pit_count::access_mode)
                0x0000000000014766                pit_count::set_count_mode(pit_count::count_mode)
                0x00000000000146a8                pit_count::pit_count(unsigned int, pit_count::canale, pit_count::mode, pit_count::access_mode, pit_count::count_mode)
                0x0000000000014740                pit_count::set_canale(pit_count::canale)
                0x00000000000147b2                pit_count::carica()
                0x0000000000014798                pit_count::set_mode(pit_count::mode)
                0x00000000000146f4                pit_count::pit_count(unsigned int, pit_count::canale, pit_count::mode, pit_count::access_mode, pit_count::count_mode)
 *fill*         0x00000000000147ee        0x2 00
 .text          0x00000000000147f0      0x342 hardware/rtc.o
                0x0000000000014982                leggi_ore
                0x00000000000147f0                leggi_numero_giorno_della_settimana
                0x00000000000148fe                leggi_secondi
                0x000000000001482e                leggi_giorno_del_mese
                0x0000000000014940                leggi_minuti
                0x0000000000014820                leggi_nome_giorno_della_settimana
                0x00000000000148b2                leggi_anno
                0x0000000000014870                leggi_numero_mese
                0x00000000000149c4                init_rtc
 *fill*         0x0000000000014b32        0x2 00
 .text          0x0000000000014b34      0x5c6 hardware/serial.o
                0x0000000000014b34                uart_getchar_polling(serial_info*)
                0x0000000000015002                add_char_to_buffer(serial_info*, unsigned char)
                0x0000000000014e44                init_uart()
                0x0000000000014b78                uart_puts_polling(serial_info*, unsigned char*)
                0x0000000000014baa                uart_putchar_polling(serial_info*, unsigned char)
                0x0000000000014f28                close_port(serial_info*)
                0x0000000000014b56                uart_gets_polling(serial_info*, unsigned char*)
                0x0000000000014ea6                set_UART_speed(serial_info*, unsigned int)
                0x00000000000150d6                uart_gets_interrupt(serial_info*, unsigned char*)
                0x0000000000014be8                uart_open(unsigned char, unsigned char, unsigned int, unsigned char, unsigned char, unsigned char, unsigned char)
                0x0000000000014f52                isr_com()
                0x0000000000015068                uart_getchar_interrupt(serial_info*)
 *fill*         0x00000000000150fa        0x2 00
 .text          0x00000000000150fc       0x85 hardware/speaker.o
                0x000000000001515e                beep()
                0x00000000000150fc                sound(unsigned short)
                0x000000000001514e                nosound()
 *fill*         0x0000000000015181        0x3 00
 .text          0x0000000000015184      0x27f hardware/tastiera.o
                0x0000000000015378                kbpress()
                0x00000000000151fe                (anonymous namespace)::vedi_carattere_raw()
                0x000000000001523c                (anonymous namespace)::leggi_carattere_normale()
                0x0000000000015262                (anonymous namespace)::key_task()
                0x00000000000152d6                setleds(unsigned char)
                0x00000000000151c0                (anonymous namespace)::leggi_carattere_raw()
                0x000000000001534c                get_char()
                0x00000000000152fc                init_tastiera()
                0x0000000000015184                (anonymous namespace)::key_handler()
 *fill*         0x0000000000015403        0x1 00
 .gnu.linkonce.t._ZN16buffer_circolareIhE6scriviEh
                0x0000000000015404       0x36 hardware/tastiera.o
                0x0000000000015404                buffer_circolare<unsigned char>::scrivi(unsigned char)
 .gnu.linkonce.t._ZN16buffer_circolareIhE5leggiEPh
                0x000000000001543a       0x3a hardware/tastiera.o
                0x000000000001543a                buffer_circolare<unsigned char>::leggi(unsigned char*)
 .gnu.linkonce.t._ZN16buffer_circolareIhE4vediEPh
                0x0000000000015474       0x31 hardware/tastiera.o
                0x0000000000015474                buffer_circolare<unsigned char>::vedi(unsigned char*)
 *fill*         0x00000000000154a5        0x1 00
 .gnu.linkonce.t._ZN16buffer_circolareIjE5leggiEPj
                0x00000000000154a6       0x3a hardware/tastiera.o
                0x00000000000154a6                buffer_circolare<unsigned int>::leggi(unsigned int*)
 .gnu.linkonce.t._ZN16buffer_circolareIjE4initEj
                0x00000000000154e0       0x32 hardware/tastiera.o
                0x00000000000154e0                buffer_circolare<unsigned int>::init(unsigned int)
 .gnu.linkonce.t._ZN16buffer_circolareIjE6scriviEj
                0x0000000000015512       0x36 hardware/tastiera.o
                0x0000000000015512                buffer_circolare<unsigned int>::scrivi(unsigned int)
 .gnu.linkonce.t._ZN16buffer_circolareIhE4initEj
                0x0000000000015548       0x2b hardware/tastiera.o
                0x0000000000015548                buffer_circolare<unsigned char>::init(unsigned int)
 *fill*         0x0000000000015573        0x1 00
 .gnu.linkonce.t._ZN49_GLOBAL__N_hardware_tastiera.cc_F0A0DE33_F1AB04298tastieraC1Ev
                0x0000000000015574        0xb hardware/tastiera.o
                0x0000000000015574                (anonymous namespace)::tastiera::tastiera()
 *fill*         0x000000000001557f        0x1 00
 .gnu.linkonce.t._ZN49_GLOBAL__N_hardware_tastiera.cc_F0A0DE33_F1AB04298tastiera11leggi_porteEPt
                0x0000000000015580       0x18 hardware/tastiera.o
                0x0000000000015580                (anonymous namespace)::tastiera::leggi_porte(unsigned short*)
 .gnu.linkonce.t._ZN49_GLOBAL__N_hardware_tastiera.cc_F0A0DE33_F1AB04298tastiera14leggi_no_porteEv
                0x0000000000015598        0x6 hardware/tastiera.o
                0x0000000000015598                (anonymous namespace)::tastiera::leggi_no_porte()
 .gnu.linkonce.t._ZN49_GLOBAL__N_hardware_tastiera.cc_F0A0DE33_F1AB04298tastiera9leggi_irqEPh
                0x000000000001559e        0x8 hardware/tastiera.o
                0x000000000001559e                (anonymous namespace)::tastiera::leggi_irq(unsigned char*)
 .gnu.linkonce.t._ZN49_GLOBAL__N_hardware_tastiera.cc_F0A0DE33_F1AB04298tastiera12leggi_no_irqEv
                0x00000000000155a6        0x6 hardware/tastiera.o
                0x00000000000155a6                (anonymous namespace)::tastiera::leggi_no_irq()
 .gnu.linkonce.t._ZN49_GLOBAL__N_hardware_tastiera.cc_F0A0DE33_F1AB04298tastiera10leggi_nomeEv
                0x00000000000155ac        0x6 hardware/tastiera.o
                0x00000000000155ac                (anonymous namespace)::tastiera::leggi_nome()
 .gnu.linkonce.t._ZN49_GLOBAL__N_hardware_tastiera.cc_F0A0DE33_F1AB04298tastiera9controllaE7comando
                0x00000000000155b2        0x6 hardware/tastiera.o
                0x00000000000155b2                (anonymous namespace)::tastiera::controlla(comando)
 .gnu.linkonce.t._ZN49_GLOBAL__N_hardware_tastiera.cc_F0A0DE33_F1AB04298tastiera12leggi_erroreEP4dato
                0x00000000000155b8        0x6 hardware/tastiera.o
                0x00000000000155b8                (anonymous namespace)::tastiera::leggi_errore(dato*)
 .gnu.linkonce.t._ZN49_GLOBAL__N_hardware_tastiera.cc_F0A0DE33_F1AB04298tastiera6scriviE4dato
                0x00000000000155be        0x6 hardware/tastiera.o
                0x00000000000155be                (anonymous namespace)::tastiera::scrivi(dato)
 .gnu.linkonce.t._ZN49_GLOBAL__N_hardware_tastiera.cc_F0A0DE33_F1AB04298tastiera5leggiER4dato
                0x00000000000155c4       0x1b hardware/tastiera.o
                0x00000000000155c4                (anonymous namespace)::tastiera::leggi(dato&)
 *fill*         0x00000000000155df        0x1 00
 .gnu.linkonce.t._ZN49_GLOBAL__N_hardware_tastiera.cc_F0A0DE33_F1AB04298tastiera5closeEv
                0x00000000000155e0       0x2a hardware/tastiera.o
                0x00000000000155e0                (anonymous namespace)::tastiera::close()
 .gnu.linkonce.t._ZN49_GLOBAL__N_hardware_tastiera.cc_F0A0DE33_F1AB04298tastiera4initEP7comandoj
                0x000000000001560a       0x45 hardware/tastiera.o
                0x000000000001560a                (anonymous namespace)::tastiera::init(comando*, unsigned int)
 *fill*         0x000000000001564f        0x1 00
 .text          0x0000000000015650      0x86d hardware/video.o
                0x000000000001574e                Video::Video()
                0x00000000000157e6                Video::clear()
                0x0000000000015712                Video::Video()
                0x0000000000015650                Video::operator<<(int)
                0x00000000000156f6                Video::operator<<(char)
                0x00000000000156c0                Video::operator<<(long double)
                0x0000000000015e26                Video::set_text_color(unsigned char)
                0x00000000000156a6                Video::operator<<(char const*)
                0x000000000001582e                Video::accapo()
                0x0000000000015890                Video::put(char const*)
                0x00000000000158ce                Video::scroll()
                0x0000000000015e3e                Video::set_back_color(unsigned char)
                0x000000000001578a                Video::init()
                0x000000000001594c                Video::put(char)
                0x0000000000015e10                Video::get_formed_color()
                0x0000000000015e68                Video::get_back_color()
                0x00000000000157c6                Video::gotoxy(unsigned int)
                0x00000000000158c2                Video::get_pos()
                0x0000000000015e58                Video::get_text_color()
                0x000000000001567a                Video::operator<<(unsigned int)
 *fill*         0x0000000000015ebd        0x3 00
 .text          0x0000000000015ec0       0x2f cpu/cpu_oper.o
                0x0000000000015ec8                check_fpu()
                0x0000000000015ec0                get_flag()
 *fill*         0x0000000000015eef        0x1 00
 .text          0x0000000000015ef0      0x103 cpu/gdt.o
                0x0000000000015ef0                set_gdtr(unsigned long long*, unsigned int)
                0x0000000000015f4c                init_gdt()
 *fill*         0x0000000000015ff3        0x1 00
 .text          0x0000000000015ff4      0x9c3 cpu/idt.o
                0x000000000001663a                idt::add(void (*)(), unsigned int)
                0x00000000000167c2                idt::init()
                0x00000000000161c2                (anonymous namespace)::isr7()
                0x00000000000160da                (anonymous namespace)::isr3()
                0x0000000000016188                (anonymous namespace)::isr6()
                0x0000000000016114                (anonymous namespace)::isr4()
                0x00000000000162aa                (anonymous namespace)::isr11()
                0x00000000000165c6                (anonymous namespace)::isr16()
                0x0000000000016366                (anonymous namespace)::isr14()
                0x0000000000015ff4                (anonymous namespace)::mint_null()
                0x000000000001631e                (anonymous namespace)::isr13()
                0x00000000000166fe                idt::add(void (*)(int), unsigned int)
                0x00000000000169aa                idt::cli()
                0x000000000001602c                (anonymous namespace)::isr0()
                0x0000000000016600                (anonymous namespace)::isr17()
                0x0000000000016270                (anonymous namespace)::isr10()
                0x00000000000161fc                (anonymous namespace)::isr8()
                0x00000000000162e4                (anonymous namespace)::isr12()
                0x000000000001696e                idt::get(unsigned int)
                0x000000000001692c                idt::del(unsigned int)
                0x0000000000016236                (anonymous namespace)::isr9()
                0x000000000001614e                (anonymous namespace)::isr5()
                0x00000000000160a0                (anonymous namespace)::isr2()
                0x00000000000169ac                idt::sti()
                0x000000000001600c                (anonymous namespace)::set_idtr((anonymous namespace)::int_gate*, unsigned int)
                0x0000000000016066                (anonymous namespace)::isr1()
 *fill*         0x00000000000169b7        0x1 00
 .text          0x00000000000169b8      0x2a7 cpu/paging.o
                0x0000000000016bdc                abilita_hardware_paging()
                0x0000000000016c1e                disabilita_hardware_paging()
                0x00000000000169f8                pagina_presente(unsigned int)
                0x00000000000169ee                get_page_addr(unsigned int)
                0x00000000000169e4                get_table_addr(unsigned int)
                0x00000000000169b8                crea_page_dir(unsigned int*, unsigned int)
                0x0000000000016a14                set_present(unsigned int*)
                0x00000000000169ce                crea_page_table(unsigned int*, unsigned int)
                0x0000000000016a1c                set_assent(unsigned int*)
                0x0000000000016b9e                prendi_prima_pagina_libera(unsigned int*)
                0x0000000000016a64                print_paging(unsigned int*)
                0x0000000000016a06                table_presente(unsigned int)
 *fill*         0x0000000000016c5f        0x1 00
 .text          0x0000000000016c60      0x1b9 mm/desc_mem.o
                0x0000000000016c60                init_desc_mem(mem_desc*)
                0x0000000000016cd2                setta_desc_mem(mem_desc*, void*, unsigned int)
                0x0000000000016da0                libera_desc_mem(mem_desc*, void*)
 *fill*         0x0000000000016e19        0x3 00
 .text          0x0000000000016e1c      0x26e mm/fis_mmu.o
                0x0000000000016f5e                prendi_pagina_fisica()
                0x0000000000016fde                rilascia_pagina(void*)
                0x0000000000016e7e                init_spazio_fisico()
                0x000000000001702a                prendi_spazio_fisico(void*, void*)
                0x0000000000016e1c                count_memory()
                0x000000000001705e                libera_spazio_fisico(void*, void*)
 *fill*         0x000000000001708a        0x2 00
 .text          0x000000000001708c      0x13b mm/kmmu.o
                0x000000000001708c                init_kmmu()
 *fill*         0x00000000000171c7        0x1 00
 .text          0x00000000000171c8      0x241 mm/mem.o
                0x00000000000172ba                krealloc
                0x000000000001727e                kfree
                0x000000000001722c                kmalloc
                0x00000000000171c8                kcalloc
 *fill*         0x0000000000017409        0x3 00
 .text          0x000000000001740c      0x143 mm/mmu.o
                0x000000000001740c                init_mmu(mem_desc*)
                0x00000000000174de                alloca(unsigned int, mem_desc*)
                0x000000000001752a                dealloca(void*, mem_desc*)
                0x0000000000017452                init_kernel_mmu(mem_desc*)
 *fill*         0x000000000001754f        0x1 00
 .text          0x0000000000017550      0x15f mm/pagine_libere.o
                0x00000000000175d0                prendi_pagina_virtuale(unsigned int, unsigned int*)
                0x0000000000017570                (anonymous namespace)::setbitmapbit(unsigned int, unsigned int*, unsigned int)
                0x00000000000175e4                prendi_spazio_virtuale(unsigned int, unsigned int*)
                0x000000000001769c                libera_pagina_virtuale_libera(unsigned int, unsigned int*)
                0x000000000001758e                init_spazio_virtuale_libero(unsigned int*)
                0x0000000000017550                (anonymous namespace)::isset(unsigned int, unsigned int*)
 *fill*         0x00000000000176af        0x1 00
 .text          0x00000000000176b0      0x239 mm/pagine_virtuali.o
                0x0000000000017882                libera_pagina_virtuale(mem_desc*, void*)
                0x0000000000017846                libera_spazio_virtuale(mem_desc*, void*, unsigned int)
                0x00000000000176b0                init_spazio_virtuale(mem_desc*)
                0x000000000001777c                setta_spazio_virtuale(unsigned int*, void*, unsigned int)
                0x00000000000177c2                setta_pagina_virtuale(unsigned int*, void*, void*)
 *fill*         0x00000000000178e9        0x3 00
 .text          0x00000000000178ec       0x4c task/hardware_task.o
                0x00000000000178ec                switch_task(unsigned int)
                0x0000000000017928                del_tss(void*)
                0x00000000000178f6                make_tss(void (*)(), void (*)())
 .text          0x0000000000017938      0x259 task/messaggi.o
                0x0000000000017b38                init_msg()
                0x000000000001795c                (anonymous namespace)::esistente(unsigned int)
                0x0000000000017938                (anonymous namespace)::cerca_primo_libero()
                0x0000000000017996                chiudi_account(unsigned int)
                0x0000000000017a6e                receive(unsigned int, void*)
                0x0000000000017afe                stato_casella(unsigned int)
                0x0000000000017982                apri_account()
                0x00000000000179c4                send(unsigned int, unsigned int, void*, unsigned int)
 *fill*         0x0000000000017b91        0x1 00
 .gnu.linkonce.t._ZN5stackIN45_GLOBAL__N_task_messaggi.cc_00000000_373D71F39messaggioEE4pushES1_
                0x0000000000017b92       0x56 task/messaggi.o
                0x0000000000017b92                stack<(anonymous namespace)::messaggio>::push((anonymous namespace)::messaggio)
 .gnu.linkonce.t._ZN5stackIN45_GLOBAL__N_task_messaggi.cc_00000000_373D71F39messaggioEE4sizeEv
                0x0000000000017be8        0x8 task/messaggi.o
                0x0000000000017be8                stack<(anonymous namespace)::messaggio>::size()
 .gnu.linkonce.t._ZN5stackIN45_GLOBAL__N_task_messaggi.cc_00000000_373D71F39messaggioEE3popEv
                0x0000000000017bf0       0x37 task/messaggi.o
                0x0000000000017bf0                stack<(anonymous namespace)::messaggio>::pop()
 *fill*         0x0000000000017c27        0x1 00
 .gnu.linkonce.t._ZN5stackIN45_GLOBAL__N_task_messaggi.cc_00000000_373D71F39messaggioEE4initEv
                0x0000000000017c28       0x12 task/messaggi.o
                0x0000000000017c28                stack<(anonymous namespace)::messaggio>::init()
 .gnu.linkonce.t._ZN5stackIN45_GLOBAL__N_task_messaggi.cc_00000000_373D71F39messaggioEE4NodeC1ES1_PS3_
                0x0000000000017c3a       0x20 task/messaggi.o
                0x0000000000017c3a                stack<(anonymous namespace)::messaggio>::Node::Node((anonymous namespace)::messaggio, stack<(anonymous namespace)::messaggio>::Node*)
 *fill*         0x0000000000017c5a        0x2 00
 .text          0x0000000000017c5c      0x128 task/politic.o
                0x0000000000017c5c                init_sched_politic()
                0x0000000000017cf6                libera_biglietti(biglietto_t)
                0x0000000000017d44                find_next_task()
                0x0000000000017c8e                prendi_biglietti(unsigned int, unsigned int)
 .gnu.linkonce.t._ZN6rbtreeIN44_GLOBAL__N_task_politic.cc_00000000_01E9AC939bigliettoEE4initEv
                0x0000000000017d84       0x27 task/politic.o
                0x0000000000017d84                rbtree<(anonymous namespace)::biglietto>::init()
 *fill*         0x0000000000017dab        0x1 00
 .gnu.linkonce.t._ZN6rbtreeIN44_GLOBAL__N_task_politic.cc_00000000_01E9AC939bigliettoEE6insertES1_
                0x0000000000017dac      0x12f task/politic.o
                0x0000000000017dac                rbtree<(anonymous namespace)::biglietto>::insert((anonymous namespace)::biglietto)
 *fill*         0x0000000000017edb        0x1 00
 .gnu.linkonce.t._ZN6rbtreeIN44_GLOBAL__N_task_politic.cc_00000000_01E9AC939bigliettoEE6removeES1_
                0x0000000000017edc      0x34c task/politic.o
                0x0000000000017edc                rbtree<(anonymous namespace)::biglietto>::remove((anonymous namespace)::biglietto)
 .gnu.linkonce.t._ZN6rbtreeIN44_GLOBAL__N_task_politic.cc_00000000_01E9AC939bigliettoEE4findES1_PS1_
                0x0000000000018228       0x4a task/politic.o
                0x0000000000018228                rbtree<(anonymous namespace)::biglietto>::find((anonymous namespace)::biglietto, (anonymous namespace)::biglietto*)
 .gnu.linkonce.t._ZN6rbtreeIN44_GLOBAL__N_task_politic.cc_00000000_01E9AC939bigliettoEE18rbtree_restructureEiPNS2_11rbtree_nodeES4_S4_
                0x0000000000018272       0x95 task/politic.o
                0x0000000000018272                rbtree<(anonymous namespace)::biglietto>::rbtree_restructure(int, rbtree<(anonymous namespace)::biglietto>::rbtree_node*, rbtree<(anonymous namespace)::biglietto>::rbtree_node*, rbtree<(anonymous namespace)::biglietto>::rbtree_node*)
 *fill*         0x0000000000018307        0x1 00
 .text          0x0000000000018308       0x65 task/sem.o
                0x0000000000018328                sem::init()
                0x0000000000018360                sem::lascia()
                0x0000000000018318                sem::sem()
                0x0000000000018308                sem::sem()
                0x0000000000018334                sem::prendi()
 *fill*         0x000000000001836d        0x3 00
 .text          0x0000000000018370      0x386 task/task.o
                0x00000000000184cc                attiva_scheduler
                0x0000000000018604                get_task_name
                0x000000000001862c                suicide
                0x00000000000184d4                disattiva_scheduler
                0x000000000001863c                sleep
                0x00000000000185ec                kill
                0x00000000000186e0                sveglia
                0x0000000000018370                scheduler
                0x00000000000184dc                init_scheduler
                0x000000000001869e                addormenta
                0x00000000000185e6                get_current_task
                0x000000000001852c                add_task
 *fill*         0x00000000000186f6        0x2 00
 .text          0x00000000000186f8      0x2da dispositivi/hmu.o
                0x00000000000187cc                init_hmu()
                0x000000000001880c                add_driver(dispositivo*, unsigned int)
                0x0000000000018728                (anonymous namespace)::unset_port(unsigned short)
                0x00000000000189c6                usa_dispositivo(unsigned int)
                0x00000000000186f8                (anonymous namespace)::set_port(unsigned short)
                0x00000000000189c0                del_driver(dispositivo*)
                0x0000000000018758                (anonymous namespace)::set_irq(unsigned short)
                0x0000000000018792                (anonymous namespace)::unset_irq(unsigned short)
 *fill*         0x00000000000189d2        0x2 00
 .text          0x00000000000189d4      0x536 fs/fat.o
                0x0000000000018ed4                carica_file(char*, void*)
                0x0000000000018b9c                clusterByte(disco*, int)
                0x00000000000189d4                strcasecmp(char*, char*)
                0x0000000000018c74                trova_file(char*, unsigned int)
                0x0000000000018bbc                init_fat()
                0x0000000000018e82                leggi_file(int, void*)
                0x0000000000018a2e                leggi_floppy(unsigned int, unsigned int, unsigned char*)
                0x0000000000018b20                nextCluster(disco*, int)
 *fill*         0x0000000000018f0a        0x2 00
 .text          0x0000000000018f0c      0x12c fpu_emu/fpu_emu.o
                0x0000000000018f0c                fpu_emu::fpu_emu()
                0x0000000000018fa2                fpu_emu::fpu_emu()
 .text          0x0000000000019038      0x72d fpu_emu/fpu_emu_comp.o
                0x0000000000019146                fpu_emu_comp::fcom(float)
                0x000000000001948c                fpu_emu_comp::fcomp(double)
                0x000000000001937e                fpu_emu_comp::fcomp()
                0x0000000000019430                fpu_emu_comp::fcomp(float)
                0x0000000000019038                fpu_emu_comp::fpu_emu_comp_init(fpu_emu_reg*, fpu_emu_exception*)
                0x00000000000190cc                fpu_emu_comp::fcom(unsigned int)
                0x00000000000193d4                fpu_emu_comp::fcomp(unsigned int)
                0x0000000000019300                fpu_emu_comp::ftst()
                0x00000000000194ec                fpu_emu_comp::fcompp()
                0x000000000001904a                fpu_emu_comp::fcom()
                0x0000000000019222                fpu_emu_comp::fcom(double)
                0x0000000000019566                fpu_emu_comp::fxam()
 *fill*         0x0000000000019765        0x3 00
 .text          0x0000000000019768      0x50d fpu_emu/fpu_emu_control.o
                0x00000000000197fc                fpu_emu_control::fclex()
                0x000000000001985c                fpu_emu_control::fstsw(unsigned short*)
                0x00000000000197d8                fpu_emu_control::fnclex()
                0x0000000000019828                fpu_emu_control::fstcw(unsigned short*)
                0x0000000000019a18                fpu_emu_control::fwait()
                0x000000000001992a                fpu_emu_control::fnstenv(rs*)
                0x0000000000019ade                fpu_emu_control::fnsave(reg*)
                0x0000000000019842                fpu_emu_control::fnstcw(unsigned short*)
                0x0000000000019a1c                fpu_emu_control::fpu_emu_control_init(fpu_emu_reg*, fpu_emu_exception*)
                0x00000000000199b8                fpu_emu_control::ffree(unsigned short)
                0x0000000000019a2e                fpu_emu_control::fdecstp()
                0x0000000000019768                fpu_emu_control::fninit()
                0x0000000000019b9e                fpu_emu_control::frstor(reg*)
                0x0000000000019aca                fpu_emu_control::fsave(reg*)
                0x0000000000019a1a                fpu_emu_control::fnop()
                0x000000000001980c                fpu_emu_control::fldcw(unsigned short)
                0x0000000000019890                fpu_emu_control::fldenv(rs*)
                0x00000000000197c8                fpu_emu_control::finit()
                0x00000000000199a4                fpu_emu_control::fstenv(rs*)
                0x0000000000019a7c                fpu_emu_control::fincstp()
                0x0000000000019876                fpu_emu_control::fnstsw(unsigned short*)
 *fill*         0x0000000000019c75        0x3 00
 .text          0x0000000000019c78      0xbea fpu_emu/fpu_emu_data.o
                0x000000000001a628                fpu_emu_data::fst(long double*)
                0x000000000001a056                fpu_emu_data::fild(short)
                0x000000000001a706                fpu_emu_data::fst(unsigned int)
                0x0000000000019f2e                fpu_emu_data::fld(long double)
                0x000000000001a7ba                fpu_emu_data::fstp(unsigned int)
                0x000000000001a50e                fpu_emu_data::fxch()
                0x000000000001a006                print_bin(unsigned long long)
                0x0000000000019c78                fpu_emu_data::fld(float)
                0x000000000001a616                fpu_emu_data::fpu_emu_data_init(fpu_emu_reg*, fpu_emu_exception*)
                0x0000000000019de4                fpu_emu_data::fld(double)
                0x000000000001a1cc                fpu_emu_data::fild(int)
                0x000000000001a65c                fpu_emu_data::fstp(long double*)
                0x000000000001a586                fpu_emu_data::fxch(unsigned short)
                0x000000000001a356                fpu_emu_data::fild(long long)
 *fill*         0x000000000001a862        0x2 00
 .text          0x000000000001a864      0x102 fpu_emu/fpu_emu_demo.o
                0x000000000001a864                fpu_demo()
 *fill*         0x000000000001a966        0x2 00
 .text          0x000000000001a968       0xdd fpu_emu/fpu_emu_exception.o
                0x000000000001a968                fpu_emu_exception::get_address()
                0x000000000001aa18                fpu_emu_exception::get_last()
                0x000000000001aa2e                fpu_emu_exception::fpu_emu_exception()
                0x000000000001a970                fpu_emu_exception::add(exceptions)
                0x000000000001aa3a                fpu_emu_exception::fpu_emu_exception()
                0x000000000001aa10                fpu_emu_exception::get_first()
                0x000000000001a9f2                fpu_emu_exception::del()
 *fill*         0x000000000001aa45        0x3 00
 .text          0x000000000001aa48       0x12 fpu_emu/fpu_emu_exp.o
                0x000000000001aa48                fpu_emu_exp::fpu_emu_exp_init(fpu_emu_reg*, fpu_emu_exception*)
 *fill*         0x000000000001aa5a        0x2 00
 .text          0x000000000001aa5c     0x2c24 fpu_emu/fpu_emu_math.o
                0x000000000001bd96                fpu_emu_math::fsubrp()
                0x000000000001afa0                fpu_emu_math::fiadd(short)
                0x000000000001d14a                fpu_emu_math::fdivr(short, short)
                0x000000000001d66e                fpu_emu_math::fpu_emu_math_init(fpu_emu_reg*, fpu_emu_exception*)
                0x000000000001c930                fpu_emu_math::fdiv(double)
                0x000000000001aa84                fpu_emu_math::fchs()
                0x000000000001c702                fpu_emu_math::fimul(short)
                0x000000000001c4da                fpu_emu_math::fmulp(short)
                0x000000000001cf5c                fpu_emu_math::fdivr(float)
                0x000000000001b3e0                fpu_emu_math::fsub(short, short)
                0x000000000001aac6                fpu_emu_math::fadd(float)
                0x000000000001d35c                fpu_emu_math::fdivrp(unsigned short)
                0x000000000001b2c6                fpu_emu_math::fsub(double)
                0x000000000001b674                fpu_emu_math::fisub(short)
                0x000000000001c82e                fpu_emu_math::fdiv(float)
                0x000000000001ca34                fpu_emu_math::fdiv(short, short)
                0x000000000001aeae                fpu_emu_math::faddp()
                0x000000000001bc00                fpu_emu_math::fsubrp(unsigned short)
                0x000000000001b884                fpu_emu_math::fsubr(float)
                0x000000000001d46e                fpu_emu_math::fidivr(short)
                0x000000000001cb54                fpu_emu_math::fdivp()
                0x000000000001c308                fpu_emu_math::fmul(short, short)
                0x000000000001c002                fpu_emu_math::fisubr(int)
                0x000000000001cd4c                fpu_emu_math::fidiv(short)
                0x000000000001cc38                fpu_emu_math::fdivp(unsigned short)
                0x000000000001b0aa                fpu_emu_math::fiadd(int)
                0x000000000001b1b0                fpu_emu_math::fsub(float)
                0x000000000001ba8a                fpu_emu_math::fsubr(short, short)
                0x000000000001b77e                fpu_emu_math::fisub(int)
                0x000000000001c5dc                fpu_emu_math::fimul(int)
                0x000000000001c3e8                fpu_emu_math::fmulp()
                0x000000000001ce56                fpu_emu_math::fidiv(int)
                0x000000000001b984                fpu_emu_math::fsubr(double)
                0x000000000001ad9c                fpu_emu_math::faddp(unsigned short)
                0x000000000001d052                fpu_emu_math::fdivr(double)
                0x000000000001d26a                fpu_emu_math::fdivrp()
                0x000000000001c20a                fpu_emu_math::fmul(double)
                0x000000000001c112                fpu_emu_math::fmul(float)
                0x000000000001d570                fpu_emu_math::fidivr(int)
                0x000000000001acbc                fpu_emu_math::fadd(short, short)
                0x000000000001aa5c                fpu_emu_math::fabs()
                0x000000000001beec                fpu_emu_math::fisubr(short)
                0x000000000001abbe                fpu_emu_math::fadd(double)
                0x000000000001b556                fpu_emu_math::fsubp(unsigned short)
 .text          0x000000000001d680      0x362 fpu_emu/fpu_emu_mov.o
                0x000000000001d680                fpu_emu_mov::fpu_emu_mov_init(fpu_emu_reg*, fpu_emu_exception*)
                0x000000000001d7d0                fpu_emu_mov::fcmovne(unsigned int)
                0x000000000001d978                fpu_emu_mov::fcmovnu(unsigned int)
                0x000000000001d6fc                fpu_emu_mov::fcmovnb(unsigned int)
                0x000000000001d90e                fpu_emu_mov::fcmovu(unsigned int)
                0x000000000001d8a4                fpu_emu_mov::fcmovnbe(unsigned int)
                0x000000000001d766                fpu_emu_mov::fcmove(unsigned int)
                0x000000000001d83a                fpu_emu_mov::fcmovbe(unsigned int)
                0x000000000001d692                fpu_emu_mov::fcmovb(unsigned int)
 *fill*         0x000000000001d9e2        0x2 00
 .text          0x000000000001d9e4       0xc7 fpu_emu/fpu_emu_reg.o
                0x000000000001da0e                fpu_emu_reg::set_sr(unsigned short)
                0x000000000001da38                fpu_emu_reg::get_opcode()
                0x000000000001da1c                fpu_emu_reg::get_tr()
                0x000000000001da82                fpu_emu_reg::get_fop()
                0x000000000001da46                fpu_emu_reg::set_opcode(unsigned short)
                0x000000000001da2a                fpu_emu_reg::set_tr(unsigned short)
                0x000000000001d9f2                fpu_emu_reg::set_cr(unsigned short)
                0x000000000001da92                fpu_emu_reg::set_fop(unsigned long long)
                0x000000000001da00                fpu_emu_reg::get_sr()
                0x000000000001da6a                fpu_emu_reg::set_fip(unsigned long long)
                0x000000000001da5a                fpu_emu_reg::get_fip()
                0x000000000001d9e4                fpu_emu_reg::get_cr()
 *fill*         0x000000000001daab        0x1 00
 .text          0x000000000001daac     0x1e39 fpu_emu/fpu_emu_trig.o
                0x000000000001ee86                fpu_emu_trig::fcos()
                0x000000000001e2e6                fpu_emu_trig::fattoriale(long)
                0x000000000001f8ca                fpu_emu_trig::fsincos()
                0x000000000001e448                fpu_emu_trig::fsin()
                0x000000000001e30e                fpu_emu_trig::converti(int)
                0x000000000001e38c                fpu_emu_trig::get_nearest()
                0x000000000001daac                fpu_emu_trig::fpu_emu_trig_init(fpu_emu_reg*, fpu_emu_exception*)
 *fill*         0x000000000001f8e5        0x3 00
 .text          0x000000000001f8e8      0xffe fpu_emu/my_double.o
                0x000000000001f8e8                myfloat::somma(myfloat::my_double, myfloat::my_double)
                0x0000000000020684                myfloat::somma128(myfloat::int128, myfloat::int128)
                0x000000000002086c                myfloat::confronta128(myfloat::int128, myfloat::int128)
                0x0000000000020192                myfloat::dividi(myfloat::my_double, myfloat::my_double)
                0x00000000000203fa                myfloat::compare(myfloat::my_double, myfloat::my_double, fpu_emu_reg*)
                0x0000000000020750                myfloat::sottrai128(myfloat::int128, myfloat::int128)
                0x000000000001fe82                myfloat::moltiplica(myfloat::my_double, myfloat::my_double)
 *fill*         0x00000000000208e6        0x2 00
 .text          0x00000000000208e8      0x20d libc/ctype.o
                0x0000000000020a6c                tonumber
                0x0000000000020941                islower
                0x000000000002099b                tolower
                0x0000000000020953                isspace
                0x0000000000020a9e                todigit
                0x0000000000020ac1                isxdigit
                0x0000000000020972                isupper
                0x0000000000020921                isalpha
                0x00000000000208e8                isalnum
                0x0000000000020a44                isnumber
                0x00000000000209b2                isspecial
                0x0000000000020ae3                isdigit
                0x0000000000020933                iscntrl
                0x0000000000020984                toupper
 *fill*         0x0000000000020af5        0x3 00
 .text          0x0000000000020af8       0x68 libc/math.o
                0x0000000000020af8                fmod
                0x0000000000020b31                pow
 .text          0x0000000000020b60       0x1c libc/sprintf.o
                0x0000000000020b60                sprintf
 .text          0x0000000000020b7c       0x1c libc/sscanf.o
                0x0000000000020b7c                sscanf
 .text          0x0000000000020b98       0x85 libc/stdio.o
                0x0000000000020bcf                putchar
                0x0000000000020b98                printf
                0x0000000000020be7                gets
                0x0000000000020bc1                puts
                0x0000000000020bdf                getchar
                0x0000000000020bf7                scanf
 *fill*         0x0000000000020c1d        0x3 00
 .text          0x0000000000020c20      0xee6 libc/stdlib.o
                0x0000000000021a6f                malloc
                0x00000000000218ad                strtoul
                0x000000000002138a                dcvt
                0x00000000000217f6                strtou
                0x000000000002160b                strtol
                0x0000000000021af2                calloc
                0x00000000000213ad                strtod
                0x0000000000021550                strtoi
                0x0000000000020c20                rand
                0x0000000000021a8f                realloc
                0x0000000000020c9b                max
                0x0000000000020e59                fcvt
                0x0000000000020c79                srand
                0x0000000000020cae                min
                0x0000000000020cc1                ecvt
                0x0000000000021216                ucvt
                0x0000000000021103                gcvt
                0x0000000000020c8d                abs
                0x0000000000021a7f                free
 *fill*         0x0000000000021b06        0x2 00
 .text          0x0000000000021b08      0x3f2 libc/string.o
                0x0000000000021b08                strcpy
                0x0000000000021bff                strlwr
                0x0000000000021dda                reverse
                0x0000000000021db3                memcpy
                0x0000000000021e0b                itoa
                0x0000000000021ce5                strrchr
                0x0000000000021e73                utoa
                0x0000000000021c39                strcat
                0x0000000000021d0b                strstr
                0x0000000000021b95                strncmp
                0x0000000000021b2a                strncpy
                0x0000000000021d5a                memcmp
                0x0000000000021c66                strscn
                0x0000000000021cb1                strncat
                0x0000000000021d93                memset
                0x0000000000021b60                strcmp
                0x0000000000021bdb                strupr
                0x0000000000021c23                strlen
                0x0000000000021c94                strchr
 *fill*         0x0000000000021efa        0x2 00
 .text          0x0000000000021efc      0x1ad libc/time.o
                0x0000000000021efc                bisestile
                0x0000000000021f45                time
 *fill*         0x00000000000220a9        0x3 00
 .text          0x00000000000220ac      0x526 libc/vsprintf.o
                0x00000000000220ac                vsprintf
 *fill*         0x00000000000225d2        0x2 00
 .text          0x00000000000225d4      0x3ca libc/vsscanf.o
                0x00000000000225d4                vsscanf
 *fill*         0x000000000002299e        0x2 00
 .text          0x00000000000229a0      0x7ca lib/avl.o
                0x0000000000023125                _avl_delete
                0x0000000000023149                _avl_find
                0x0000000000023111                _avl_insert
                0x0000000000022c7d                avl_find
                0x0000000000022fc8                avl_delete_min
                0x0000000000022ce4                avl_delete
                0x0000000000023101                _avl_free
                0x0000000000022a51                avl_insert
                0x000000000002315d                _avl_find_min
                0x0000000000022cc7                avl_find_min
                0x00000000000230f1                _avl_alloc
                0x00000000000229e6                avl_free
                0x00000000000229a0                avl_alloc
                0x0000000000023139                _avl_delete_min
 *fill*         0x000000000002316a        0x2 00
 .text          0x000000000002316c      0x295 lib/bheap.o
                0x00000000000233d0                _bh_n
                0x00000000000233bb                _bh_decrease_key
                0x00000000000231b2                bh_free
                0x00000000000232eb                bh_siftup
                0x0000000000023383                _bh_delete_min
                0x00000000000232c0                bh_decrease_key
                0x000000000002316c                bh_alloc
                0x00000000000233a6                _bh_insert
                0x0000000000023400                _bh_dump
                0x00000000000233d8                _bh_key_comps
                0x00000000000233f0                _bh_free
                0x00000000000233e0                _bh_alloc
                0x00000000000231d9                bh_min
                0x0000000000023249                bh_delete
                0x00000000000231e3                bh_insert
 *fill*         0x0000000000023401        0x3 00
 .text          0x0000000000023404      0x347 lib/bst.o
                0x000000000002355e                bst_find_min
                0x000000000002371a                _bst_delete_min
                0x00000000000236f2                _bst_insert
                0x000000000002357b                bst_delete
                0x00000000000236d2                _bst_alloc
                0x0000000000023684                bst_delete_min
                0x0000000000023706                _bst_delete
                0x0000000000023514                bst_find
                0x0000000000023404                bst_alloc
                0x0000000000023499                bst_insert
                0x000000000002373e                _bst_find_min
                0x0000000000023426                bst_free
                0x00000000000236e2                _bst_free
                0x000000000002372a                _bst_find
 *fill*         0x000000000002374b        0x1 00
 .text          0x000000000002374c      0x2a7 lib/dfs_bfs.o
                0x0000000000023802                dfs_recursive
                0x00000000000239bf                dfs_bfs_result_free
                0x000000000002374c                dfs
                0x0000000000023867                bfs
                0x00000000000239f2                dfs_bfs_result_print
 *fill*         0x00000000000239f3        0x1 00
 .text          0x00000000000239f4      0x1c8 lib/hashtbl.o
                0x0000000000023b39                hash_tbl_delete
                0x0000000000023a88                hash_tbl_insert
                0x00000000000239f4                hash_tbl_alloc
                0x0000000000023a30                hash_tbl_free
                0x0000000000023aef                hash_tbl_find
 .text          0x0000000000023bbc      0x1e5 lib/mst.o
                0x0000000000023d79                mst_result_free
                0x0000000000023bbc                mst_prim
 *fill*         0x0000000000023da1        0x3 00
 .text          0x0000000000023da4      0x139 lib/rand.o
                0x0000000000023da4                casual
                0x0000000000023e9e                casual_n
 *fill*         0x0000000000023edd        0x3 00
 .text          0x0000000000023ee0      0x980 lib/rbtree.o
                0x00000000000247f7                _rbtree_free
                0x000000000002481b                _rbtree_delete
                0x00000000000240b0                rbtree_find
                0x00000000000244a6                rbtree_delete_min
                0x0000000000023f79                rbtree_insert
                0x00000000000240fa                rbtree_find_min
                0x0000000000024853                _rbtree_find_min
                0x0000000000024782                rbtree_restructure2
                0x0000000000023ee0                rbtree_alloc
                0x000000000002483f                _rbtree_find
                0x00000000000247e7                _rbtree_alloc
                0x0000000000024117                rbtree_delete
                0x00000000000246ed                rbtree_restructure
                0x0000000000023f17                rbtree_free
                0x0000000000024807                _rbtree_insert
                0x000000000002482f                _rbtree_delete_min
 .text          0x0000000000024860      0x331 lib/sc.o
                0x0000000000024860                sc
                0x0000000000024a0a                sc_recursive
                0x0000000000024b90                sc_result_print
                0x0000000000024b5d                sc_result_free
 *fill*         0x0000000000024b91        0x3 00
 .text          0x0000000000024b94       0x5d lib/search.o
                0x0000000000024b94                binarysearch
 *fill*         0x0000000000024bf1        0x3 00
 .text          0x0000000000024bf4      0x940 lib/sort.o
                0x0000000000024e6a                mergesort0
                0x0000000000024bf4                quicksort
                0x0000000000025165                radixsort
                0x0000000000024ff3                mergesort
                0x0000000000024ec0                mergesort0_recursive
                0x000000000002533d                heapsort
                0x0000000000025050                mergesort_recursive
                0x0000000000024c43                quicksort_recursive
 .text          0x0000000000025534      0xea6 lib/tree23.o
                0x00000000000263a9                _tree23_delete_min
                0x00000000000263b9                _tree23_find
                0x0000000000026371                _tree23_free
                0x00000000000263cd                _tree23_find_min
                0x00000000000255b2                tree23_free
                0x0000000000025a23                tree23_find
                0x0000000000025637                tree23_insert
                0x0000000000025b15                tree23_delete
                0x0000000000026395                _tree23_delete
                0x0000000000025534                tree23_alloc
                0x0000000000026361                _tree23_alloc
                0x0000000000025b0d                tree23_find_min
                0x0000000000026129                tree23_delete_min
                0x0000000000026381                _tree23_insert
 *fill*         0x00000000000263da        0x2 00
 .text          0x00000000000263dc       0x1b libc/log.o
                0x00000000000263ee                log
                0x00000000000263dc                logf
                0x00000000000263e5                logl
 *fill*         0x00000000000263f7        0x1 00
 .text          0x00000000000263f8       0x45 libc/modf.o
                0x00000000000263f8                modf
                0x000000000002643d                PROVIDE (etext, .)

.rodata         0x0000000000026440     0x1d74
 *(.rodata .rodata.* .gnu.linkonce.r.*)
 .rodata.str1.4
                0x0000000000026440       0x71 main/aamain.o
 .rodata.str1.1
                0x00000000000264b1       0x48 main/aamain.o
 .rodata.str1.1
                0x00000000000264f9       0x1b main/debug.o
 .rodata.str1.1
                0x0000000000026514      0x104 main/exec.o
 .rodata.str1.4
                0x0000000000026618       0xaa main/exec.o
 *fill*         0x00000000000266c2        0x2 00
 .rodata.str1.4
                0x00000000000266c4       0x69 main/syscall.o
 .rodata.str1.1
                0x000000000002672d       0x20 main/syscall.o
 *fill*         0x000000000002674d        0x3 00
 .rodata        0x0000000000026750      0x198 main/syscall.o
 .rodata.str1.1
                0x00000000000268e8       0x90 hardware/delay.o
 .rodata.str1.1
                0x0000000000026978       0x71 hardware/floppy.o
 *fill*         0x00000000000269e9        0x3 00
 .rodata.str1.4
                0x00000000000269ec       0xe1 hardware/floppy.o
 *fill*         0x0000000000026acd        0x3 00
 .rodata        0x0000000000026ad0       0x14 hardware/floppy.o
 .rodata.str1.1
                0x0000000000026ae4       0x62 hardware/key_traslation.o
 .rodata.str1.1
                0x0000000000026b46       0x7c hardware/rtc.o
 *fill*         0x0000000000026bc2        0x2 00
 .rodata.str1.4
                0x0000000000026bc4      0x120 hardware/serial.o
 .rodata.str1.1
                0x0000000000026ce4      0x11f hardware/serial.o
 .rodata.str1.1
                0x0000000000026e03       0x36 hardware/tastiera.o
 *fill*         0x0000000000026e39        0x7 00
 .gnu.linkonce.r._ZTVN49_GLOBAL__N_hardware_tastiera.cc_F0A0DE33_F1AB04298tastieraE
                0x0000000000026e40       0x34 hardware/tastiera.o
                0x0000000000026e40                vtable for (anonymous namespace)::tastiera
 .rodata.str1.1
                0x0000000000026e74        0x4 hardware/video.o
 .rodata.str1.4
                0x0000000000026e78       0x20 hardware/video.o
 .rodata        0x0000000000026e98      0x13c hardware/video.o
 .rodata.str1.1
                0x0000000000026fd4       0x17 cpu/gdt.o
 *fill*         0x0000000000026feb        0x1 00
 .rodata.str1.4
                0x0000000000026fec       0x30 cpu/gdt.o
 .rodata.str1.1
                0x000000000002701c      0x1c1 cpu/idt.o
 *fill*         0x00000000000271dd        0x3 00
 .rodata.str1.4
                0x00000000000271e0      0x19a cpu/idt.o
 *fill*         0x000000000002737a        0x2 00
 .rodata.str1.4
                0x000000000002737c       0x3e cpu/paging.o
 .rodata.str1.1
                0x00000000000273ba       0x53 cpu/paging.o
 *fill*         0x000000000002740d        0x3 00
 .rodata.str1.4
                0x0000000000027410       0x28 mm/desc_mem.o
 .rodata.str1.4
                0x0000000000027438       0x8b mm/fis_mmu.o
 .rodata.str1.1
                0x00000000000274c3       0x35 mm/fis_mmu.o
 .rodata.str1.1
                0x00000000000274f8       0x1c mm/kmmu.o
 .rodata.str1.4
                0x0000000000027514       0x4a mm/kmmu.o
 *fill*         0x000000000002755e        0x2 00
 .rodata.str1.4
                0x0000000000027560       0x5f mm/mmu.o
 *fill*         0x00000000000275bf        0x1 00
 .rodata.str1.4
                0x00000000000275c0       0x4e mm/pagine_libere.o
 *fill*         0x000000000002760e        0x2 00
 .rodata.str1.4
                0x0000000000027610       0x23 mm/pagine_virtuali.o
 *fill*         0x0000000000027633        0x1 00
 .rodata.str1.4
                0x0000000000027634       0x35 task/messaggi.o
 *fill*         0x0000000000027669        0x3 00
 .rodata.str1.4
                0x000000000002766c       0x29 task/politic.o
 *fill*         0x0000000000027695        0x3 00
 .rodata.str1.4
                0x0000000000027698       0x21 task/task.o
 .rodata.str1.1
                0x00000000000276b9       0x21 task/task.o
 *fill*         0x00000000000276da        0x2 00
 .rodata.str1.4
                0x00000000000276dc       0x26 dispositivi/hmu.o
 .rodata.str1.1
                0x0000000000027702       0x26 dispositivi/hmu.o
 .rodata.str1.1
                0x0000000000027728       0x63 fpu_emu/fpu_emu_demo.o
 *fill*         0x000000000002778b        0x1 00
 .rodata.cst4   0x000000000002778c        0x4 fpu_emu/fpu_emu_demo.o
 .rodata        0x0000000000027790      0x5fc fpu_emu/fpu_emu_trig.o
 .rodata.str1.1
                0x0000000000027d8c       0x1f libc/ctype.o
 *fill*         0x0000000000027dab        0x5 00
 .rodata.cst8   0x0000000000027db0       0x20 libc/stdlib.o
 .rodata.cst4   0x0000000000027dd0       0x14 libc/stdlib.o
 .rodata.str1.4
                0x0000000000027de4       0x25 libc/string.o
 *fill*         0x0000000000027e09       0x17 00
 .rodata        0x0000000000027e20       0x30 libc/time.o
 .rodata        0x0000000000027e50      0x150 libc/vsprintf.o
 .rodata.str1.1
                0x0000000000027fa0       0x3f libc/vsscanf.o
 *fill*         0x0000000000027fdf        0x1 00
 .rodata        0x0000000000027fe0      0x13c libc/vsscanf.o
 .rodata        0x000000000002811c       0x1c lib/avl.o
                0x000000000002811c                AVL_info
 *fill*         0x0000000000028138        0x8 00
 .rodata        0x0000000000028140       0x20 lib/bheap.o
                0x0000000000028140                BHEAP_info
 .rodata        0x0000000000028160       0x1c lib/bst.o
                0x0000000000028160                BST_info
 .rodata        0x000000000002817c       0x1c lib/rbtree.o
                0x000000000002817c                RBTREE_info
 .rodata        0x0000000000028198       0x1c lib/tree23.o
                0x0000000000028198                TREE23_info
                0x00000000000281b4                . = ALIGN (0x4)

.data           0x00000000000281c0       0xd0
                0x00000000000281c0                __CTOR_LIST__ = .
                0x00000000000281c0        0x4 LONG 0x4 (((__CTOR_END__ - __CTOR_LIST__) / 0x4) - 0x2)
 *(.ctors)
 .ctors         0x00000000000281c4        0x4 main/debug.o
 .ctors         0x00000000000281c8        0x4 hardware/tastiera.o
 .ctors         0x00000000000281cc        0x4 hardware/video.o
 .ctors         0x00000000000281d0        0x4 mm/mem.o
                0x00000000000281d4        0x4 LONG 0x0
                0x00000000000281d8                __CTOR_END__ = .
                0x00000000000281d8                __DTOR_LIST__ = .
                0x00000000000281d8        0x4 LONG 0x0 (((__DTOR_END__ - __DTOR_LIST__) / 0x4) - 0x2)
 *(.dtors)
                0x00000000000281dc        0x4 LONG 0x0
                0x00000000000281e0                __DTOR_END__ = .
 *(.data .data.* .gnu.linkonce.d.*)
 .data          0x00000000000281e0       0x40 main/exec.o
                0x00000000000281e0                (anonymous namespace)::tipi
 .data          0x0000000000028220        0x4 hardware/delay.o
 .data          0x0000000000028224       0x30 hardware/dma.o
                0x000000000002824c                CountPort
                0x0000000000028244                AddrPort
                0x0000000000028234                ClearReg
                0x000000000002822c                ModeReg
                0x0000000000028224                MaskReg
                0x000000000002823c                PagePort
 .data          0x0000000000028254        0x8 hardware/floppy.o
                0x0000000000028254                (anonymous namespace)::fdc_track
                0x0000000000028258                (anonymous namespace)::tbaddr
 .data          0x000000000002825c       0x1c hardware/rtc.o
                0x000000000002825c                giorni_della_settimana
 .data          0x0000000000028278        0x4 hardware/serial.o
                0x0000000000028278                default_irq
 .data          0x000000000002827c        0x4 hardware/tastiera.o
 .data          0x0000000000028280        0x4 hardware/video.o
                0x0000000000028280                kout
 .data          0x0000000000028284        0x4 task/task.o
                0x0000000000028284                (anonymous namespace)::num_task
 .data          0x0000000000028288        0x4 libc/ctype.o
 .data          0x000000000002828c        0x4 lib/rand.o

.ctors
 *crtbegin.o(.ctors)
 *(EXCLUDE_FILE(*crtend.o) .ctors)
 *(SORT(.ctors.*))
 *(.ctors)

.dtors
 *crtbegin.o(.dtors)
 *(EXCLUDE_FILE(*crtend.o) .dtors)
 *(SORT(.dtors.*))
 *(.dtors)

.bss            0x00000000000282a0    0x6ad0c
 *(.bss .bss.* .gnu.linkonce.b.*)
 .bss           0x00000000000282a0    0x20010 main/aamain.o
                0x00000000000282a0                kernel_desc
                0x00000000000482a8                bios_ser_mem
 .bss           0x00000000000482b0        0x1 main/debug.o
                0x00000000000482b0                debug
 *fill*         0x00000000000482b1        0x3 00
 .bss           0x00000000000482b4        0x4 main/exec.o
                0x00000000000482b4                (anonymous namespace)::image
 .bss           0x00000000000482b8        0x2 hardware/8259.o
                0x00000000000482b8                (anonymous namespace)::irq_mask
 *fill*         0x00000000000482ba        0x2 00
 .bss           0x00000000000482bc        0x4 hardware/delay.o
 .bss           0x00000000000482c0        0xc hardware/floppy.o
                0x00000000000482c9                (anonymous namespace)::statsz
                0x00000000000482c2                (anonymous namespace)::status
                0x00000000000482c0                (anonymous namespace)::motor
                0x00000000000482ca                (anonymous namespace)::sr0
                0x00000000000482c1                (anonymous namespace)::done
 *fill*         0x00000000000482cc       0x14 00
 .bss           0x00000000000482e0       0x40 hardware/irq.o
                0x00000000000482e0                handler
 .bss           0x0000000000048320     0x1204 hardware/key_traslation.o
 .bss           0x0000000000049524       0x24 hardware/serial.o
                0x0000000000049526                serial
                0x0000000000049524                NUMBER_OF_COMS
                0x0000000000049538                pserial
 .bss           0x0000000000049548       0x28 hardware/tastiera.o
                0x0000000000049568                (anonymous namespace)::pid_key
                0x0000000000049548                (anonymous namespace)::buffer_raw
                0x0000000000049558                (anonymous namespace)::buffer
                0x000000000004956c                (anonymous namespace)::mykeyboard
 .bss           0x0000000000049570       0x24 hardware/video.o
                0x0000000000049584                mystdout
                0x0000000000049570                (anonymous namespace)::escape
                0x0000000000049571                (anonymous namespace)::vtseq
                0x0000000000049580                (anonymous namespace)::poss
                0x000000000004957c                (anonymous namespace)::offs
 *fill*         0x0000000000049594        0xc 00
 .bss           0x00000000000495a0       0x28 cpu/gdt.o
                0x00000000000495a0                gdt
 *fill*         0x00000000000495c8       0x18 00
 .bss           0x00000000000495e0      0x81f cpu/idt.o
                0x0000000000049de0                (anonymous namespace)::active
                0x00000000000495e0                (anonymous namespace)::_IDT
 *fill*         0x0000000000049dff        0x1 00
 .bss           0x0000000000049e00    0x20004 mm/fis_mmu.o
                0x0000000000049e00                (anonymous namespace)::page_bitmap
                0x0000000000069e00                (anonymous namespace)::num_pages
 .bss           0x0000000000069e04        0x4 mm/kmmu.o
                0x0000000000069e04                kernel_dir
 .bss           0x0000000000069e08       0x10 mm/mem.o
                0x0000000000069e10                (anonymous namespace)::sem_free
                0x0000000000069e08                (anonymous namespace)::sem_malloc
                0x0000000000069e14                (anonymous namespace)::sem_realloc
                0x0000000000069e0c                (anonymous namespace)::sem_calloc
 .bss           0x0000000000069e18        0x4 mm/pagine_libere.o
                0x0000000000069e18                (anonymous namespace)::num_pages
 *fill*         0x0000000000069e1c        0x4 00
 .bss           0x0000000000069e20     0x2ee0 task/messaggi.o
                0x0000000000069e20                (anonymous namespace)::ufficio_postale
 .bss           0x000000000006cd00       0x10 task/politic.o
                0x000000000006cd04                (anonymous namespace)::lotteria
                0x000000000006cd00                (anonymous namespace)::current_max_ticket
 *fill*         0x000000000006cd10       0x10 00
 .bss           0x000000000006cd20    0x157cc task/task.o
                0x000000000006cd20                (anonymous namespace)::tasks
                0x00000000000824e0                (anonymous namespace)::current_task
                0x00000000000824e4                (anonymous namespace)::active
                0x00000000000824e8                tick
 *fill*         0x00000000000824ec       0x14 00
 .bss           0x0000000000082500    0x101b0 dispositivi/hmu.o
                0x0000000000092500                (anonymous namespace)::irq
                0x0000000000092520                (anonymous namespace)::vett_dev
                0x0000000000082500                (anonymous namespace)::porte
 *fill*         0x00000000000926b0       0x10 00
 .bss           0x00000000000926c0       0x70 fs/fat.o
                0x00000000000926c0                boot
                0x0000000000092718                d
 .bss           0x0000000000092730        0x8 fpu_emu/fpu_emu_demo.o
                0x0000000000092730                pippo
 *fill*         0x0000000000092738        0x8 00
 .bss           0x0000000000092740      0x800 libc/stdio.o
 .bss           0x0000000000092f40        0x8 libc/stdlib.o
 .bss           0x0000000000092f48       0x10 lib/rand.o
 *(COMMON)
 COMMON         0x0000000000092f58        0x8 lib/dfs_bfs.o
                0x0000000000092f58                current_graph
                0x0000000000092f5c                dfs_result
 COMMON         0x0000000000092f60       0x3c lib/sc.o
                0x0000000000092f60                p
                0x0000000000092f64                tos
                0x0000000000092f68                n_sets
                0x0000000000092f6c                visit_nos
                0x0000000000092f70                n_visited
                0x0000000000092f74                low_link_nos
                0x0000000000092f78                sets_f
                0x0000000000092f7c                n_written
                0x0000000000092f80                n_unvisited
                0x0000000000092f84                unvisited
                0x0000000000092f88                sc_stack
                0x0000000000092f8c                sets_s
                0x0000000000092f90                vertices
                0x0000000000092f94                sp
                0x0000000000092f98                sc_vertices
 COMMON         0x0000000000092f9c       0x10 lib/sort.o
                0x0000000000092f9c                x
                0x0000000000092fa0                compare_fn
                0x0000000000092fa4                temp_merge_array
                0x0000000000092fa8                element_size
                0x0000000000092fac                . = ALIGN (0x4)
                0x0000000000092fac                . = ALIGN (0x4)
                0x0000000000092fac                _end = .
                0x0000000000092fac                PROVIDE (end, .)
OUTPUT(kernel.bin binary)

.note.GNU-stack
                0x0000000000000000        0x0

.comment        0x0000000000000000      0xd48
 .comment       0x0000000000000000       0x32 main/aamain.o
 .comment       0x0000000000000032       0x32 main/debug.o
 .comment       0x0000000000000064       0x32 main/exec.o
 .comment       0x0000000000000096       0x32 main/syscall.o
 .comment       0x00000000000000c8       0x32 hardware/8259.o
 .comment       0x00000000000000fa       0x32 hardware/delay.o
 .comment       0x000000000000012c       0x32 hardware/dma.o
 .comment       0x000000000000015e       0x32 hardware/floppy.o
 .comment       0x0000000000000190       0x32 hardware/irq.o
 .comment       0x00000000000001c2       0x32 hardware/key_traslation.o
 .comment       0x00000000000001f4       0x32 hardware/pit.o
 .comment       0x0000000000000226       0x32 hardware/rtc.o
 .comment       0x0000000000000258       0x32 hardware/serial.o
 .comment       0x000000000000028a       0x32 hardware/speaker.o
 .comment       0x00000000000002bc       0x32 hardware/tastiera.o
 .comment       0x00000000000002ee       0x32 hardware/video.o
 .comment       0x0000000000000320       0x32 cpu/cpu_oper.o
 .comment       0x0000000000000352       0x32 cpu/gdt.o
 .comment       0x0000000000000384       0x32 cpu/idt.o
 .comment       0x00000000000003b6       0x32 cpu/paging.o
 .comment       0x00000000000003e8       0x32 mm/desc_mem.o
 .comment       0x000000000000041a       0x32 mm/fis_mmu.o
 .comment       0x000000000000044c       0x32 mm/kmmu.o
 .comment       0x000000000000047e       0x32 mm/mem.o
 .comment       0x00000000000004b0       0x32 mm/mmu.o
 .comment       0x00000000000004e2       0x32 mm/pagine_libere.o
 .comment       0x0000000000000514       0x32 mm/pagine_virtuali.o
 .comment       0x0000000000000546       0x32 task/hardware_task.o
 .comment       0x0000000000000578       0x32 task/messaggi.o
 .comment       0x00000000000005aa       0x32 task/politic.o
 .comment       0x00000000000005dc       0x32 task/sem.o
 .comment       0x000000000000060e       0x32 task/task.o
 .comment       0x0000000000000640       0x32 dispositivi/hmu.o
 .comment       0x0000000000000672       0x32 fs/fat.o
 .comment       0x00000000000006a4       0x32 fpu_emu/fpu_emu.o
 .comment       0x00000000000006d6       0x32 fpu_emu/fpu_emu_comp.o
 .comment       0x0000000000000708       0x32 fpu_emu/fpu_emu_control.o
 .comment       0x000000000000073a       0x32 fpu_emu/fpu_emu_data.o
 .comment       0x000000000000076c       0x32 fpu_emu/fpu_emu_demo.o
 .comment       0x000000000000079e       0x32 fpu_emu/fpu_emu_exception.o
 .comment       0x00000000000007d0       0x32 fpu_emu/fpu_emu_exp.o
 .comment       0x0000000000000802       0x32 fpu_emu/fpu_emu_math.o
 .comment       0x0000000000000834       0x32 fpu_emu/fpu_emu_mov.o
 .comment       0x0000000000000866       0x32 fpu_emu/fpu_emu_reg.o
 .comment       0x0000000000000898       0x32 fpu_emu/fpu_emu_trig.o
 .comment       0x00000000000008ca       0x32 fpu_emu/my_double.o
 .comment       0x00000000000008fc       0x32 libc/ctype.o
 .comment       0x000000000000092e       0x32 libc/math.o
 .comment       0x0000000000000960       0x32 libc/sprintf.o
 .comment       0x0000000000000992       0x32 libc/sscanf.o
 .comment       0x00000000000009c4       0x32 libc/stdio.o
 .comment       0x00000000000009f6       0x32 libc/stdlib.o
 .comment       0x0000000000000a28       0x32 libc/string.o
 .comment       0x0000000000000a5a       0x32 libc/time.o
 .comment       0x0000000000000a8c       0x32 libc/vsprintf.o
 .comment       0x0000000000000abe       0x32 libc/vsscanf.o
 .comment       0x0000000000000af0       0x32 lib/avl.o
 .comment       0x0000000000000b22       0x32 lib/bheap.o
 .comment       0x0000000000000b54       0x32 lib/bst.o
 .comment       0x0000000000000b86       0x32 lib/dfs_bfs.o
 .comment       0x0000000000000bb8       0x32 lib/hashtbl.o
 .comment       0x0000000000000bea       0x32 lib/mst.o
 .comment       0x0000000000000c1c       0x32 lib/rand.o
 .comment       0x0000000000000c4e       0x32 lib/rbtree.o
 .comment       0x0000000000000c80       0x32 lib/sc.o
 .comment       0x0000000000000cb2       0x32 lib/search.o
 .comment       0x0000000000000ce4       0x32 lib/sort.o
 .comment       0x0000000000000d16       0x32 lib/tree23.o
